---
source: crates/tych/src/tests.rs
assertion_line: 152
expression: "(test[1], res)"
---
- "\nfn foo() {\n    1 + 2\n}\n"
- Ok:
    nodes:
      - kind:
          Fn:
            proto:
              name: foo
              args: []
              ret_ty: Void
              is_extern: false
            body:
              kind:
                Block:
                  list:
                    - kind:
                        BinOp:
                          op: Add
                          lhs:
                            kind:
                              Lit:
                                value:
                                  Int32: 1
                                ty: Int32
                          rhs:
                            kind:
                              Lit:
                                value:
                                  Int32: 2
                                ty: Int32
                          ty: Int32
                  ty: Int32

