---
source: crates/tych/src/tests.rs
assertion_line: 369
expression: "(test[1], res)"
---
- "\nfn main() { }\n"
- Ok:
    nodes:
      - kind:
          Fn:
            proto:
              name: main
              args: []
              ret_ty: Void
              is_extern: false
            body:
              kind:
                Block:
                  list: []
                  ty: Void

