---
source: crates/tych/src/tests.rs
assertion_line: 391
expression: "(test[1], res)"
---
- "\nfn main() { }\n"
- Ok:
    nodes:
      - kind:
          Fn:
            proto:
              name: main
              params: []
              ret_ty: Void
              is_extern: false
              module: main
              member_of: ~
            body:
              kind:
                Block:
                  list: []
                  ty: Void

