---
source: crates/tych/src/tests.rs
assertion_line: 564
expression: "(test[1], res)"
---
- "\n        fn foo() {\n            let x: int\n        }\n        "
- Ok:
    nodes:
      - kind:
          Fn:
            proto:
              name: "main::foo"
              params: []
              ret_ty: Void
              is_extern: false
              module: main
              member_of: ~
            body:
              kind:
                Block:
                  list:
                    - kind:
                        Let:
                          name: x
                          antn: Int32
                          init: ~
                  ty: Void

