---
source: crates/tych/src/tests.rs
assertion_line: 941
expression: "(test[1], res)"
---
- "\nstruct Foo {\n    fn bar() { self }\n}\n"
- Ok:
    nodes:
      - kind:
          Struct:
            name: "main::Foo"
            fields: []
            methods:
              - kind:
                  Fn:
                    proto:
                      name: "_main::Foo_bar"
                      args:
                        - - self
                          - Comp: "main::Foo"
                      ret_ty: Void
                      is_extern: false
                      module: main
                      member_of: "main::Foo"
                    body:
                      kind:
                        Block:
                          list:
                            - kind:
                                Ident:
                                  name: self
                                  ty:
                                    Comp: "main::Foo"
                          ty:
                            Comp: "main::Foo"

