---
source: crates/tych/src/tests.rs
assertion_line: 797
expression: "(test[1], res)"
---
- "\nstruct Foo {\n    let a: int\n    let b: float\n}\n"
- Ok:
    nodes:
      - kind:
          Struct:
            name: Foo
            fields:
              - kind:
                  Let:
                    name: a
                    antn: Int32
                    init: ~
              - kind:
                  Let:
                    name: b
                    antn: Float
                    init: ~
            methods: []

