---
source: crates/lex/src/tests.rs
assertion_line: 177
expression: "(test[1], tokens)"
---
- "[int; 3]"
- Ok:
    - tt: OpenBracket
      line: 1
      column: 1
    - tt:
        Ident: int
      line: 1
      column: 2
    - tt:
        Semicolon: false
      line: 1
      column: 5
    - tt:
        Num: "3"
      line: 1
      column: 7
    - tt: CloseBracket
      line: 1
      column: 8
    - tt:
        Semicolon: true
      line: 1
      column: 9

