---
source: src/type_checker/mod.rs
assertion_line: 528
expression: asts
input_file: src/type_checker/tests/inputs/call.input
---
- - "fn plusOne(x: int) -> int { x + 1 }; fn main() { plusOne(1) } // basic"
  - Ok:
      nodes:
        - Stmt:
            Fn:
              proto:
                name: plusOne
                args:
                  - - x
                    - Int32
                ret_ty: Int32
              body:
                Block:
                  list:
                    - Expr:
                        BinOp:
                          sym: Add
                          lhs:
                            Expr:
                              Ident:
                                name: x
                                ty: Int32
                          rhs:
                            Expr:
                              Lit:
                                value:
                                  Int32: 1
                                ty: Int32
                          ty: Int32
                  ty: Int32
        - Stmt:
            Fn:
              proto:
                name: main
                args: []
                ret_ty: Int32
              body:
                Block:
                  list:
                    - Expr:
                        Call:
                          name: plusOne
                          args:
                            - Expr:
                                Lit:
                                  value:
                                    Int32: 1
                                  ty: Int32
                          ty: Int32
                  ty: Int32
- - "fn plusOne(x: int) -> int { x + 1 }; fn main() { plusThree(1) } // undefined function"
  - Err: "Call to undefined function: `plusThree`"
- - "fn plusOne(x: int) -> int { x + 1 }; fn main() { let x: float = 1.0; plusOne(x) } // mismatch arg type"
  - Err: "Type mismatch in arg 1 of call to plusOne: int32 != float"
- - "fn plusOne(x: int) -> int { x + 1 }; fn main() { plusOne(1, 2) } // mismatch arg num"
  - Err: Call to plusOne takes 1 args and 2 were given

