---
source: src/type_checker/mod.rs
assertion_line: 517
expression: asts
input_file: src/type_checker/tests/inputs/binop.lt
---
- - "// basic\nfn foo() {\n    1 + 2\n}\n"
  - Ok:
      nodes:
        - Stmt:
            Fn:
              proto:
                name: foo
                args: []
                ret_ty: Void
              body:
                Block:
                  list:
                    - Expr:
                        BinOp:
                          sym: Add
                          lhs:
                            Expr:
                              Lit:
                                value:
                                  Int32: 1
                                ty: Int32
                          rhs:
                            Expr:
                              Lit:
                                value:
                                  Int32: 2
                                ty: Int32
                          ty: Int32
                  ty: Int32
- - "\n// basic with var\nfn foo() {\n    let a: int = 1\n    a + 2\n}\n"
  - Ok:
      nodes:
        - Stmt:
            Fn:
              proto:
                name: foo
                args: []
                ret_ty: Void
              body:
                Block:
                  list:
                    - Stmt:
                        Let:
                          name: a
                          antn: Int32
                          init:
                            Expr:
                              Lit:
                                value:
                                  Int32: 1
                                ty: Int32
                    - Expr:
                        BinOp:
                          sym: Add
                          lhs:
                            Expr:
                              Ident:
                                name: a
                                ty: Int32
                          rhs:
                            Expr:
                              Lit:
                                value:
                                  Int32: 2
                                ty: Int32
                          ty: Int32
                  ty: Int32
- - "\n// complex\nfn foo() {\n    let a: int = 1\n    a + 2 / 4 + (2 * 2)\n}\n"
  - Ok:
      nodes:
        - Stmt:
            Fn:
              proto:
                name: foo
                args: []
                ret_ty: Void
              body:
                Block:
                  list:
                    - Stmt:
                        Let:
                          name: a
                          antn: Int32
                          init:
                            Expr:
                              Lit:
                                value:
                                  Int32: 1
                                ty: Int32
                    - Expr:
                        BinOp:
                          sym: Add
                          lhs:
                            Expr:
                              BinOp:
                                sym: Add
                                lhs:
                                  Expr:
                                    Ident:
                                      name: a
                                      ty: Int32
                                rhs:
                                  Expr:
                                    BinOp:
                                      sym: Div
                                      lhs:
                                        Expr:
                                          Lit:
                                            value:
                                              Int32: 2
                                            ty: Int32
                                      rhs:
                                        Expr:
                                          Lit:
                                            value:
                                              Int32: 4
                                            ty: Int32
                                      ty: Int32
                                ty: Int32
                          rhs:
                            Expr:
                              BinOp:
                                sym: Mul
                                lhs:
                                  Expr:
                                    Lit:
                                      value:
                                        Int32: 2
                                      ty: Int32
                                rhs:
                                  Expr:
                                    Lit:
                                      value:
                                        Int32: 2
                                      ty: Int32
                                ty: Int32
                          ty: Int32
                  ty: Int32
- - "\n// func call\nfn plusOne(x: int) -> int {\n    x + 1\n}\nfn main() {\n    1 + plusOne(3)\n}\n"
  - Ok:
      nodes:
        - Stmt:
            Fn:
              proto:
                name: plusOne
                args:
                  - - x
                    - Int32
                ret_ty: Int32
              body:
                Block:
                  list:
                    - Expr:
                        BinOp:
                          sym: Add
                          lhs:
                            Expr:
                              Ident:
                                name: x
                                ty: Int32
                          rhs:
                            Expr:
                              Lit:
                                value:
                                  Int32: 1
                                ty: Int32
                          ty: Int32
                  ty: Int32
        - Stmt:
            Fn:
              proto:
                name: main
                args: []
                ret_ty: Int32
              body:
                Block:
                  list:
                    - Expr:
                        BinOp:
                          sym: Add
                          lhs:
                            Expr:
                              Lit:
                                value:
                                  Int32: 1
                                ty: Int32
                          rhs:
                            Expr:
                              Call:
                                name: plusOne
                                args:
                                  - Expr:
                                      Lit:
                                        value:
                                          Int32: 3
                                        ty: Int32
                                ty: Int32
                          ty: Int32
                  ty: Int32
- - "\n// mismatch\nfn foo() {\n    2.0 + 1\n}\n"
  - Err: "Mismatched types in binop: `float` != `int32`"
- - "\n// bool\nfn foo() {\n    2 == 1\n}\n"
  - Ok:
      nodes:
        - Stmt:
            Fn:
              proto:
                name: foo
                args: []
                ret_ty: Void
              body:
                Block:
                  list:
                    - Expr:
                        BinOp:
                          sym: Eq
                          lhs:
                            Expr:
                              Lit:
                                value:
                                  Int32: 2
                                ty: Int32
                          rhs:
                            Expr:
                              Lit:
                                value:
                                  Int32: 1
                                ty: Int32
                          ty: Bool
                  ty: Bool

