---
source: crates/type_checker/src/tests.rs
assertion_line: 653
expression: "(test[1], res)"
---
- "\nlet x: [int; 3] = [1, 2, 3]\nlet y: int = 1\nx[y]\n"
- Ok:
    nodes:
      - node:
          Let:
            name: x
            antn: int;3
            init:
              node:
                Lit:
                  value:
                    Array:
                      elements:
                        - node:
                            Lit:
                              value:
                                Int32: 1
                          ty: Int32
                        - node:
                            Lit:
                              value:
                                Int32: 2
                          ty: Int32
                        - node:
                            Lit:
                              value:
                                Int32: 3
                          ty: Int32
                      inner_ty: Int32
              ty:
                Array:
                  - Int32
                  - 3
        ty: ~
      - node:
          Let:
            name: y
            antn: int
            init:
              node:
                Lit:
                  value:
                    Int32: 1
              ty: Int32
        ty: ~
      - node:
          Index:
            binding:
              node:
                Ident:
                  name: x
              ty:
                Array:
                  - Int32
                  - 3
            idx:
              node:
                Ident:
                  name: y
              ty: Int32
        ty: Int32

