---
source: crates/type_checker/src/tests.rs
assertion_line: 653
expression: "(test[1], res)"
---
- "\nlet x: [int; 3] = [1, 2, 3]\nx = [4, 5, 6]\n"
- Ok:
    nodes:
      - kind:
          Let:
            name: x
            antn:
              Array:
                - Int32
                - 3
            init:
              kind:
                Lit:
                  value:
                    Array:
                      elements:
                        - kind:
                            Lit:
                              value:
                                Int32: 1
                          ty: Int32
                        - kind:
                            Lit:
                              value:
                                Int32: 2
                          ty: Int32
                        - kind:
                            Lit:
                              value:
                                Int32: 3
                          ty: Int32
                      inner_ty: Int32
              ty:
                Array:
                  - Int32
                  - 3
        ty: ~
      - kind:
          BinOp:
            op: Assign
            lhs:
              kind:
                Ident:
                  name: x
              ty:
                Array:
                  - Int32
                  - 3
            rhs:
              kind:
                Lit:
                  value:
                    Array:
                      elements:
                        - kind:
                            Lit:
                              value:
                                Int32: 4
                          ty: Int32
                        - kind:
                            Lit:
                              value:
                                Int32: 5
                          ty: Int32
                        - kind:
                            Lit:
                              value:
                                Int32: 6
                          ty: Int32
                      inner_ty: Int32
              ty:
                Array:
                  - Int32
                  - 3
        ty: Void

