---
source: crates/type_checker/src/tests.rs
assertion_line: 154
expression: "(test[1], res)"
---
- "\nfn foo() {\n    let a: int = 1\n    a + 2 / 4 + (2 * 2)\n}\n"
- Ok:
    nodes:
      - Stmt:
          Fn:
            proto:
              name: foo
              args: []
              ret_ty: Void
            body:
              Expr:
                Block:
                  list:
                    - Stmt:
                        Let:
                          name: a
                          antn: Int32
                          init:
                            Expr:
                              Lit:
                                value:
                                  Int32: 1
                                ty: Int32
                    - Expr:
                        BinOp:
                          sym: Add
                          lhs:
                            Expr:
                              BinOp:
                                sym: Add
                                lhs:
                                  Expr:
                                    Ident:
                                      name: a
                                      ty: Int32
                                rhs:
                                  Expr:
                                    BinOp:
                                      sym: Div
                                      lhs:
                                        Expr:
                                          Lit:
                                            value:
                                              Int32: 2
                                            ty: Int32
                                      rhs:
                                        Expr:
                                          Lit:
                                            value:
                                              Int32: 4
                                            ty: Int32
                                      ty: Int32
                                ty: Int32
                          rhs:
                            Expr:
                              BinOp:
                                sym: Mul
                                lhs:
                                  Expr:
                                    Lit:
                                      value:
                                        Int32: 2
                                      ty: Int32
                                rhs:
                                  Expr:
                                    Lit:
                                      value:
                                        Int32: 2
                                      ty: Int32
                                ty: Int32
                          ty: Int32
                  ty: Int32

