---
source: crates/type_checker/src/tests.rs
assertion_line: 152
expression: "(test[1], res)"
---
- "\nfn main(x: bool) {\n    x == false\n}\n"
- Ok:
    nodes:
      - Stmt:
          Fn:
            proto:
              name: main
              args:
                - - x
                  - Bool
              ret_ty: Void
            body:
              Expr:
                Block:
                  list:
                    - Expr:
                        BinOp:
                          op: Eq
                          lhs:
                            Expr:
                              Ident:
                                name: x
                                ty: Bool
                          rhs:
                            Expr:
                              Lit:
                                value:
                                  Bool: false
                                ty: Bool
                          ty: Bool
                  ty: Bool

