---
source: crates/type_checker/src/tests.rs
assertion_line: 291
expression: "(test[1], res)"
---
- "\nfn foo() {\n    if 1 > 2 {\n        1\n    } else {\n        2\n    }\n}\n"
- Ok:
    nodes:
      - node:
          Fn:
            proto:
              name: foo
              args: []
              ret_ty: Void
              is_extern: false
            body:
              node:
                Block:
                  list:
                    - node:
                        Cond:
                          cond_expr:
                            node:
                              BinOp:
                                op: Gt
                                lhs:
                                  node:
                                    Lit:
                                      value:
                                        Int32: 1
                                  ty: Int32
                                rhs:
                                  node:
                                    Lit:
                                      value:
                                        Int32: 2
                                  ty: Int32
                            ty: Bool
                          then_block:
                            node:
                              Block:
                                list:
                                  - node:
                                      Lit:
                                        value:
                                          Int32: 1
                                    ty: Int32
                            ty: Int32
                          else_block:
                            node:
                              Block:
                                list:
                                  - node:
                                      Lit:
                                        value:
                                          Int32: 2
                                    ty: Int32
                            ty: Int32
                      ty: Int32
              ty: Int32
        ty: ~

