---
source: crates/type_checker/src/tests.rs
assertion_line: 384
expression: "(test[1], res)"
---
- "\nfn main() { 1 }\n"
- Ok:
    nodes:
      - Stmt:
          Fn:
            proto:
              name: main
              args: []
              ret_ty: Int32
            body:
              Expr:
                Block:
                  list:
                    - Expr:
                        Lit:
                          value:
                            Int32: 1
                          ty: Int32
                  ty: Int32

