---
source: crates/type_checker/src/tests.rs
assertion_line: 384
expression: "(test[1], res)"
---
- "\nfn foo() {\n    let a: int8 = 1\n}\n"
- Ok:
    nodes:
      - Stmt:
          Fn:
            proto:
              name: foo
              args: []
              ret_ty: Void
            body:
              Expr:
                Block:
                  list:
                    - Stmt:
                        Let:
                          name: a
                          antn: Int8
                          init:
                            Expr:
                              Lit:
                                value:
                                  Int8: 1
                                ty: Int8
                  ty: Void

