---
source: crates/type_checker/src/tests.rs
assertion_line: 369
expression: "(test[1], res)"
---
- "\nextern fn foo()\n"
- Ok:
    nodes:
      - Stmt:
          Fn:
            proto:
              name: foo
              args: []
              ret_ty: ~
              is_extern: true
            body: ~

