---
source: crates/type_checker/src/tests.rs
assertion_line: 386
expression: "(test[1], res)"
---
- "\nfn bar() { }\nfn foo() {\n    bar()\n}\n"
- Ok:
    nodes:
      - Stmt:
          Fn:
            proto:
              name: bar
              args: []
              ret_ty: Void
            body:
              Block:
                list: []
                ty: Void
      - Stmt:
          Fn:
            proto:
              name: foo
              args: []
              ret_ty: Void
            body:
              Block:
                list:
                  - Expr:
                      Call:
                        name: bar
                        args: []
                        ty: Void
                ty: Void

