---
source: crates/type_checker/src/tests.rs
assertion_line: 386
expression: "(test[1], res)"
---
- "\nfn foo(a: int) {\n    a + 1\n}\n"
- Ok:
    nodes:
      - Stmt:
          Fn:
            proto:
              name: foo
              args:
                - - a
                  - Int32
              ret_ty: Void
            body:
              Block:
                list:
                  - Expr:
                      BinOp:
                        sym: Add
                        lhs:
                          Expr:
                            Ident:
                              name: a
                              ty: Int32
                        rhs:
                          Expr:
                            Lit:
                              value:
                                Int32: 1
                              ty: Int32
                        ty: Int32
                ty: Int32

