---
source: crates/type_checker/src/tests.rs
assertion_line: 369
expression: "(test[1], res)"
---
- "\nfn foo(a: int, b: float) { }\n"
- Ok:
    nodes:
      - node:
          Fn:
            proto:
              name: foo
              args:
                - - a
                  - int
                - - b
                  - float
              ret_ty: void
              is_extern: false
            body:
              node:
                Block:
                  list: []
              ty: Void
        ty: ~

