---
source: crates/type_checker/src/tests.rs
assertion_line: 475
expression: "(test[1], res)"
---
- "\nfn foo() -> float {\n    let x: float = 1.0\n    for x: int8 = 1; x < 2; 1 {\n        x\n    }\n    x\n}\n"
- Ok:
    nodes:
      - node:
          Fn:
            proto:
              name: foo
              args: []
              ret_ty: Float
              is_extern: false
            body:
              node:
                Block:
                  list:
                    - node:
                        Let:
                          name: x
                          antn: Float
                          init:
                            node:
                              Lit:
                                value:
                                  Float: 1.0
                            ty: Float
                      ty: ~
                    - node:
                        For:
                          start_name: x
                          start_antn: Int8
                          start_expr:
                            node:
                              Lit:
                                value:
                                  Int8: 1
                            ty: Int8
                          cond_expr:
                            node:
                              BinOp:
                                op: Lt
                                lhs:
                                  node:
                                    Ident:
                                      name: x
                                  ty: Int8
                                rhs:
                                  node:
                                    Lit:
                                      value:
                                        Int8: 2
                                  ty: Int8
                            ty: Bool
                          step_expr:
                            node:
                              Lit:
                                value:
                                  Int8: 1
                            ty: Int8
                          body:
                            node:
                              Block:
                                list:
                                  - node:
                                      Ident:
                                        name: x
                                    ty: Int8
                            ty: Int8
                      ty: ~
                    - node:
                        Ident:
                          name: x
                      ty: Float
              ty: Float
        ty: ~

