---
source: crates/type_checker/src/tests.rs
assertion_line: 680
expression: "(test[1], res)"
---
- "\nfn main() {\n    let x: int\n    let x: int8\n    let x: int16\n    let x: int32\n    let x: int64\n    let x: uint\n    let x: uint8\n    let x: uint16\n    let x: uint32\n    let x: uint64\n    let x: float\n    let x: double\n    let x: char\n    let x: bool\n    let x: [bool; 3]\n}\n"
- Ok:
    nodes:
      - node:
          Fn:
            proto:
              name: main
              args: []
              ret_ty: void
              is_extern: false
            body:
              node:
                Block:
                  list:
                    - node:
                        Let:
                          name: x
                          antn: int
                          init:
                            node:
                              Lit:
                                value:
                                  Int32: 0
                            ty: Int32
                      ty: ~
                    - node:
                        Let:
                          name: x
                          antn: int8
                          init:
                            node:
                              Lit:
                                value:
                                  Int8: 0
                            ty: Int8
                      ty: ~
                    - node:
                        Let:
                          name: x
                          antn: int16
                          init:
                            node:
                              Lit:
                                value:
                                  Int16: 0
                            ty: Int16
                      ty: ~
                    - node:
                        Let:
                          name: x
                          antn: int32
                          init:
                            node:
                              Lit:
                                value:
                                  Int32: 0
                            ty: Int32
                      ty: ~
                    - node:
                        Let:
                          name: x
                          antn: int64
                          init:
                            node:
                              Lit:
                                value:
                                  Int64: 0
                            ty: Int64
                      ty: ~
                    - node:
                        Let:
                          name: x
                          antn: uint
                          init:
                            node:
                              Lit:
                                value:
                                  UInt32: 0
                            ty: UInt32
                      ty: ~
                    - node:
                        Let:
                          name: x
                          antn: uint8
                          init:
                            node:
                              Lit:
                                value:
                                  UInt8: 0
                            ty: UInt8
                      ty: ~
                    - node:
                        Let:
                          name: x
                          antn: uint16
                          init:
                            node:
                              Lit:
                                value:
                                  UInt16: 0
                            ty: UInt16
                      ty: ~
                    - node:
                        Let:
                          name: x
                          antn: uint32
                          init:
                            node:
                              Lit:
                                value:
                                  UInt32: 0
                            ty: UInt32
                      ty: ~
                    - node:
                        Let:
                          name: x
                          antn: uint64
                          init:
                            node:
                              Lit:
                                value:
                                  UInt64: 0
                            ty: UInt64
                      ty: ~
                    - node:
                        Let:
                          name: x
                          antn: float
                          init:
                            node:
                              Lit:
                                value:
                                  Float: 0.0
                            ty: Float
                      ty: ~
                    - node:
                        Let:
                          name: x
                          antn: double
                          init:
                            node:
                              Lit:
                                value:
                                  Double: 0.0
                            ty: Double
                      ty: ~
                    - node:
                        Let:
                          name: x
                          antn: char
                          init:
                            node:
                              Lit:
                                value:
                                  Char: 0
                            ty: Char
                      ty: ~
                    - node:
                        Let:
                          name: x
                          antn: bool
                          init:
                            node:
                              Lit:
                                value:
                                  Bool: false
                            ty: Bool
                      ty: ~
                    - node:
                        Let:
                          name: x
                          antn: bool;3
                          init:
                            node:
                              Lit:
                                value:
                                  Array:
                                    elements: []
                                    inner_ty: Bool
                            ty:
                              Array:
                                - Bool
                                - 3
                      ty: ~
              ty: Void
        ty: ~

