---
source: crates/type_checker/src/tests.rs
assertion_line: 542
expression: "(test[1], res)"
---
- "\nfn foo() {\n    let x: int = 3\n}\n"
- Ok:
    nodes:
      - Stmt:
          Fn:
            proto:
              name: foo
              args: []
              ret_ty: Void
              is_extern: false
            body:
              Expr:
                Block:
                  list:
                    - Stmt:
                        Let:
                          name: x
                          antn: Int32
                          init:
                            Expr:
                              Lit:
                                value:
                                  Int32: 3
                                ty: Int32
                  ty: Void

