---
source: crates/type_checker/src/tests.rs
assertion_line: 532
expression: "(test[1], res)"
---
- "\nfn foo() {\n    let x: int\n}\n"
- Ok:
    nodes:
      - Stmt:
          Fn:
            proto:
              name: foo
              args: []
              ret_ty: Void
            body:
              Expr:
                Block:
                  list:
                    - Stmt:
                        Let:
                          name: x
                          antn: Int32
                          init: ~
                  ty: Void

