---
source: crates/type_checker/src/tests.rs
assertion_line: 542
expression: "(test[1], res)"
---
- "\n        fn foo() {\n            let x: int\n        }\n        "
- Ok:
    nodes:
      - node:
          Fn:
            proto:
              name: foo
              args: []
              ret_ty: Void
              is_extern: false
            body:
              node:
                Block:
                  list:
                    - node:
                        Let:
                          name: x
                          antn: Int32
                          init:
                            node:
                              Lit:
                                value:
                                  Int32: 0
                            ty: Int32
                      ty: ~
              ty: Void
        ty: ~

