---
source: crates/type_checker/src/tests.rs
assertion_line: 760
expression: "(test[1], res)"
---
- "\nfn foo(a: int) -> int {\n    let b: int = 1\n    {\n        let b: bool = false\n    }\n    b\n}\n"
- Ok:
    nodes:
      - node:
          Fn:
            proto:
              name: foo
              args:
                - - a
                  - int
              ret_ty: int
              is_extern: false
            body:
              node:
                Block:
                  list:
                    - node:
                        Let:
                          name: b
                          antn: int
                          init:
                            node:
                              Lit:
                                value:
                                  Int32: 1
                            ty: Int32
                      ty: ~
                    - node:
                        Block:
                          list:
                            - node:
                                Let:
                                  name: b
                                  antn: bool
                                  init:
                                    node:
                                      Lit:
                                        value:
                                          Bool: false
                                    ty: Bool
                              ty: ~
                      ty: Void
                    - node:
                        Ident:
                          name: b
                      ty: Int32
              ty: Int32
        ty: ~

