---
source: crates/type_checker/src/tests.rs
assertion_line: 801
expression: "(test[1], res)"
---
- "\nstruct Foo {\n    fn c() -> int {\n        1\n    }\n    fn d() {}\n}\n"
- Ok:
    nodes:
      - node:
          Struct:
            name: Foo
            fields: []
            methods:
              - node:
                  Fn:
                    proto:
                      name: c
                      args: []
                      ret_ty: int
                      is_extern: false
                    body:
                      node:
                        Block:
                          list:
                            - node:
                                Lit:
                                  value:
                                    Int32: 1
                              ty: Int32
                      ty: Int32
                ty: ~
              - node:
                  Fn:
                    proto:
                      name: d
                      args: []
                      ret_ty: void
                      is_extern: false
                    body:
                      node:
                        Block:
                          list: []
                      ty: Void
                ty: ~
        ty: ~

