---
source: crates/type_checker/src/tests.rs
assertion_line: 801
expression: "(test[1], res)"
---
- "\nstruct Foo {\n    let a: int\n    let b: float = 1.0\n}\n"
- Ok:
    nodes:
      - kind:
          Struct:
            name: Foo
            fields:
              - kind:
                  Let:
                    name: a
                    antn: Int32
                    init:
                      kind:
                        Lit:
                          value:
                            Int32: 0
                      ty: Int32
                ty: ~
              - kind:
                  Let:
                    name: b
                    antn: Float
                    init:
                      kind:
                        Lit:
                          value:
                            Float: 1.0
                      ty: Float
                ty: ~
            methods: []
        ty: ~

