---
source: crates/type_checker/src/tests.rs
assertion_line: 580
expression: "(test[1], res)"
---
- "\nfn foo() { -3 }\n"
- Ok:
    nodes:
      - node:
          Fn:
            proto:
              name: foo
              args: []
              ret_ty: void
              is_extern: false
            body:
              node:
                Block:
                  list:
                    - node:
                        UnOp:
                          op: Sub
                          rhs:
                            node:
                              Lit:
                                value:
                                  Int32: 3
                            ty: Int32
                      ty: Int32
              ty: Int32
        ty: ~

