---
source: crates/type_checker/src/tests.rs
assertion_line: 580
expression: "(test[1], res)"
---
- "\nfn foo() {\n    let xy: int8 = 1\n    -xy\n}\n"
- Ok:
    nodes:
      - node:
          Fn:
            proto:
              name: foo
              args: []
              ret_ty: Void
              is_extern: false
            body:
              node:
                Block:
                  list:
                    - node:
                        Let:
                          name: xy
                          antn: Int8
                          init:
                            node:
                              Lit:
                                value:
                                  Int8: 1
                            ty: Int8
                      ty: ~
                    - node:
                        UnOp:
                          op: Sub
                          rhs:
                            node:
                              Ident:
                                name: xy
                            ty: Int8
                      ty: Int8
              ty: Int8
        ty: ~

