---
source: crates/lexer/src/tests.rs
assertion_line: 177
expression: "(test[1], tokens)"
---
- "[int]"
- Ok:
    - tt: OpenBracket
      line: 1
      column: 1
    - tt:
        VarType: Int32
      line: 1
      column: 2
    - tt: CloseBracket
      line: 1
      column: 5
    - tt:
        Semicolon: true
      line: 1
      column: 6

