---
source: crates/parser/src/tests.rs
assertion_line: 294
expression: "(test[1], ast, ast_string)"
---
- "x[y[0]]"
- Ok:
    nodes:
      - Expr:
          Index:
            binding:
              Expr:
                Ident:
                  name: x
            idx:
              Expr:
                Index:
                  binding:
                    Expr:
                      Ident:
                        name: y
                  idx:
                    Expr:
                      Lit:
                        value:
                          UInt64: 0
- "x[y[0]]"

