---
source: crates/parser/src/tests.rs
assertion_line: 294
expression: "(test[1], ast, ast_string)"
---
- "x[1 + 2]"
- Ok:
    nodes:
      - node:
          Index:
            binding:
              node:
                Ident:
                  name: x
            idx:
              node:
                BinOp:
                  op: Add
                  lhs:
                    node:
                      Lit:
                        value:
                          UInt64: 1
                  rhs:
                    node:
                      Lit:
                        value:
                          UInt64: 2
- "x[(+ 1 2)]"

