---
source: crates/parser/src/tests.rs
assertion_line: 294
expression: "(test[1], ast, ast_string)"
---
- "let x: [foo]"
- Err:
    message: "Expecting type after `[` in `let` type annotation. Got `foo`"
    line: 1
    column: 9
- "Expecting type after `[` in `let` type annotation. Got `foo` at 1:9"

