---
source: crates/parser/src/tests.rs
assertion_line: 290
expression: "(test[1], ast, ast_string)"
---
- "let x: [int]"
- Err:
    message: "Expecting semicolon after `int32` in `let` type annotation. Got `CloseBracket`"
    line: 1
    column: 12
- "Parsing error: Expecting semicolon after `int32` in `let` type annotation. Got `CloseBracket` at 1:12"

