---
source: crates/parser/src/tests.rs
assertion_line: 290
expression: "(test[1], ast, ast_string)"
---
- "let x: [int; 3]"
- Ok:
    nodes:
      - Stmt:
          Let:
            name: x
            antn:
              Array:
                - Int32
                - 3
            init: ~
- "(let x:array(int32, 3))"

