---
source: crates/parser/src/tests.rs
assertion_line: 294
expression: "(test[1], ast, ast_string)"
---
- "let x: [int; 3] = []"
- Ok:
    nodes:
      - node:
          Let:
            name: x
            antn: int;3
            init:
              node:
                Lit:
                  value:
                    Array:
                      elements: []
                      inner_ty: ~
- "(let x:int;3 [])"

