---
source: crates/parser/src/tests.rs
assertion_line: 47
expression: "(test[1], ast, ast_string)"
---
- 19 + 21 + -40
- Ok:
    nodes:
      - node:
          BinOp:
            op: Add
            lhs:
              node:
                BinOp:
                  op: Add
                  lhs:
                    node:
                      Lit:
                        value:
                          UInt64: 19
                  rhs:
                    node:
                      Lit:
                        value:
                          UInt64: 21
            rhs:
              node:
                UnOp:
                  op: Sub
                  rhs:
                    node:
                      Lit:
                        value:
                          UInt64: 40
- (+ (+ 19 21) (- 40))

