---
source: crates/parser/src/tests.rs
assertion_line: 47
expression: "(test[1], ast, ast_string)"
---
- 19 + a + 40
- Ok:
    nodes:
      - Expr:
          BinOp:
            op: Add
            lhs:
              Expr:
                BinOp:
                  op: Add
                  lhs:
                    Expr:
                      Lit:
                        value:
                          UInt64: 19
                  rhs:
                    Expr:
                      Ident:
                        name: a
            rhs:
              Expr:
                Lit:
                  value:
                    UInt64: 40
- (+ (+ 19 a) 40)

