---
source: crates/parser/src/tests.rs
assertion_line: 60
expression: "(test[1], ast, ast_string)"
---
- "let x: int = { 1 }"
- Ok:
    nodes:
      - Stmt:
          Let:
            name: x
            antn: int
            init:
              Expr:
                Block:
                  list:
                    - Expr:
                        Lit:
                          value:
                            UInt64: 1
- "(let x:int '(1))"

