---
source: crates/parser/src/tests.rs
assertion_line: 16
expression: "(input, ast, ast_string)"
---
- "let x: int = { 1 }"
- Ok:
    nodes:
      - Stmt:
          Let:
            name: x
            antn: Int32
            init:
              Expr:
                Block:
                  list:
                    - Expr:
                        Lit:
                          value:
                            UInt64: 1
                          ty: ~
                  ty: ~
- "(let x:int32 '(1))"

