---
source: crates/parser/src/tests.rs
assertion_line: 60
expression: "(test[1], ast, ast_string)"
---
- "y = { 1 + 4; foo(); 4 / 2 }"
- Ok:
    nodes:
      - BinOp:
          op: Assign
          lhs:
            Ident:
              name: y
          rhs:
            Block:
              list:
                - BinOp:
                    op: Add
                    lhs:
                      Lit:
                        value:
                          UInt64: 1
                    rhs:
                      Lit:
                        value:
                          UInt64: 4
                - Call:
                    name: foo
                    args: []
                - BinOp:
                    op: Div
                    lhs:
                      Lit:
                        value:
                          UInt64: 4
                    rhs:
                      Lit:
                        value:
                          UInt64: 2
- "(= y '((+ 1 4) (foo) (/ 4 2)))"

