---
source: crates/parser/src/tests.rs
assertion_line: 60
expression: "(test[1], ast, ast_string)"
---
- "if foo { bar }"
- Ok:
    nodes:
      - node:
          Cond:
            cond_expr:
              node:
                Ident:
                  name: foo
            then_block:
              node:
                Block:
                  list:
                    - node:
                        Ident:
                          name: bar
            else_block: ~
- "(if foo '(bar))"

