---
source: crates/parser/src/tests.rs
assertion_line: 60
expression: "(test[1], ast, ast_string)"
---
- "if foo {}"
- Ok:
    nodes:
      - Expr:
          Cond:
            cond_expr:
              Expr:
                Ident:
                  name: foo
            then_block:
              Expr:
                Block:
                  list: []
            else_block: ~
- "(if foo '()))"

