---
source: crates/parser/src/tests.rs
assertion_line: 16
expression: "(input, ast, ast_string)"
---
- "a(b, c)"
- Ok:
    nodes:
      - Expr:
          Call:
            name: a
            args:
              - Expr:
                  Ident:
                    name: b
                    ty: ~
              - Expr:
                  Ident:
                    name: c
                    ty: ~
            ty: ~
- (a b c)

