---
source: crates/parser/src/tests.rs
assertion_line: 75
expression: "(test[1], ast, ast_string)"
---
- "a(b + 1, c - 2 / 4)"
- Ok:
    nodes:
      - Call:
          name: a
          args:
            - BinOp:
                op: Add
                lhs:
                  Ident:
                    name: b
                rhs:
                  Lit:
                    value:
                      UInt64: 1
            - BinOp:
                op: Sub
                lhs:
                  Ident:
                    name: c
                rhs:
                  BinOp:
                    op: Div
                    lhs:
                      Lit:
                        value:
                          UInt64: 2
                    rhs:
                      Lit:
                        value:
                          UInt64: 4
- (a (+ b 1) (- c (/ 2 4)))

