---
source: crates/parser/src/tests.rs
assertion_line: 74
expression: "(test[1], ast, ast_string)"
---
- a(b b)
- Err:
    message: "Expecting `,` or `CloseParen` in `function call argument list`. Got `identifier: b`"
    line: 1
    column: 3
- "Parsing error: Expecting `,` or `CloseParen` in `function call argument list`. Got `identifier: b` at 1:3"

