---
source: crates/parser/src/tests.rs
assertion_line: 75
expression: "(test[1], ast, ast_string)"
---
- "a(b + 1, c - 2 / 4)"
- Ok:
    nodes:
      - Expr:
          Call:
            name: a
            args:
              - Expr:
                  BinOp:
                    op: Add
                    lhs:
                      Expr:
                        Ident:
                          name: b
                    rhs:
                      Expr:
                        Lit:
                          value:
                            UInt64: 1
              - Expr:
                  BinOp:
                    op: Sub
                    lhs:
                      Expr:
                        Ident:
                          name: c
                    rhs:
                      Expr:
                        BinOp:
                          op: Div
                          lhs:
                            Expr:
                              Lit:
                                value:
                                  UInt64: 2
                          rhs:
                            Expr:
                              Lit:
                                value:
                                  UInt64: 4
- (a (+ b 1) (- c (/ 2 4)))

