---
source: crates/parser/src/tests.rs
assertion_line: 81
expression: "(test[1], ast, ast_string)"
---
- "let c: char = 'a'"
- Ok:
    nodes:
      - node:
          Let:
            name: c
            antn: char
            init:
              node:
                Lit:
                  value:
                    Char: 97
- "(let c:char a)"

