---
source: crates/parser/src/tests.rs
assertion_line: 92
expression: "(test[0], ast, ast_string)"
---
- "extern cos(x: float)"
- Ok:
    nodes:
      - Stmt:
          Fn:
            proto:
              name: cos
              args:
                - - x
                  - Float
              ret_ty: ~
            body: ~
- "(define (cos x:float))"

