---
source: crates/parser/src/tests.rs
assertion_line: 87
expression: "(test[1], ast, ast_string)"
---
- "extern fn cos(x: float)"
- Ok:
    nodes:
      - Fn:
          proto:
            name: cos
            args:
              - - x
                - float
            ret_ty: ~
            is_extern: true
          body: ~
- "(define (cos x:float))"

