---
source: crates/parser/src/tests.rs
assertion_line: 163
expression: "(test[1], ast, ast_string)"
---
- "\nfn a(b: int) {\n    b\n}\n"
- Ok:
    nodes:
      - Stmt:
          Fn:
            proto:
              name: a
              args:
                - - b
                  - Int32
              ret_ty: ~
              is_extern: false
            body:
              Expr:
                Block:
                  list:
                    - Expr:
                        Ident:
                          name: b
                          ty: ~
                  ty: ~
- "(define (a b:int32) '(b))"

