---
source: crates/parser/src/tests.rs
assertion_line: 163
expression: "(test[1], ast, ast_string)"
---
- "\nfn a(b: int) {\n    b\n}\n"
- Ok:
    nodes:
      - Fn:
          proto:
            name: a
            args:
              - - b
                - int
            ret_ty: ~
            is_extern: false
          body:
            Block:
              list:
                - Ident:
                    name: b
- "(define (a b:int) '(b))"

