---
source: crates/parser/src/tests.rs
assertion_line: 157
expression: "(test[1], ast, ast_string)"
---
- "fn a() {}"
- Ok:
    nodes:
      - Stmt:
          Fn:
            proto:
              name: a
              args: []
              ret_ty: ~
            body:
              Expr:
                Block:
                  list: []
                  ty: ~
- "(define (a) '()))"

