---
source: crates/parser/src/tests.rs
assertion_line: 163
expression: "(test[1], ast, ast_string)"
---
- "\nfn a(b: int, c: int) -> int {\n    19 + a + 40\n}\n"
- Ok:
    nodes:
      - kind:
          Fn:
            proto:
              name: a
              args:
                - - b
                  - Int32
                - - c
                  - Int32
              ret_ty: Int32
              is_extern: false
            body:
              kind:
                Block:
                  list:
                    - kind:
                        BinOp:
                          op: Add
                          lhs:
                            kind:
                              BinOp:
                                op: Add
                                lhs:
                                  kind:
                                    Lit:
                                      value:
                                        UInt64: 19
                                      ty: ~
                                rhs:
                                  kind:
                                    Ident:
                                      name: a
                                      ty: ~
                                ty: ~
                          rhs:
                            kind:
                              Lit:
                                value:
                                  UInt64: 40
                                ty: ~
                          ty: ~
                  ty: ~
- "(define (a b:int32 c:int32) '((+ (+ 19 a) 40)))"

