---
source: crates/parser/src/tests.rs
assertion_line: 163
expression: "(test[1], ast, ast_string)"
---
- "\nfn a(b: int, c: int) -> int {\n    19 + a + 40\n}\n"
- Ok:
    nodes:
      - Fn:
          proto:
            name: a
            args:
              - - b
                - int
              - - c
                - int
            ret_ty: int
            is_extern: false
          body:
            Block:
              list:
                - BinOp:
                    op: Add
                    lhs:
                      BinOp:
                        op: Add
                        lhs:
                          Lit:
                            value:
                              UInt64: 19
                        rhs:
                          Ident:
                            name: a
                    rhs:
                      Lit:
                        value:
                          UInt64: 40
- "(define (a b:int c:int) '((+ (+ 19 a) 40)))"

