---
source: crates/parser/src/tests.rs
assertion_line: 211
expression: "(test[1], ast, ast_string)"
---
- "if false { foo } else { bar }"
- Ok:
    nodes:
      - node:
          Cond:
            cond_expr:
              node:
                Lit:
                  value:
                    Bool: false
            then_block:
              node:
                Block:
                  list:
                    - node:
                        Ident:
                          name: foo
            else_block:
              node:
                Block:
                  list:
                    - node:
                        Ident:
                          name: bar
- "(if false '(foo) '(bar))"

