---
source: crates/parser/src/tests.rs
assertion_line: 211
expression: "(test[1], ast, ast_string)"
---
- "if a > b { foo }"
- Ok:
    nodes:
      - Cond:
          cond_expr:
            BinOp:
              op: Gt
              lhs:
                Ident:
                  name: a
              rhs:
                Ident:
                  name: b
          then_block:
            Block:
              list:
                - Ident:
                    name: foo
          else_block: ~
- "(if (> a b) '(foo))"

