---
source: crates/parser/src/tests.rs
assertion_line: 211
expression: "(test[1], ast, ast_string)"
---
- "\nif a > b {\n    foo\n} else if c < a {\n    bar\n}\n"
- Ok:
    nodes:
      - Cond:
          cond_expr:
            BinOp:
              op: Gt
              lhs:
                Ident:
                  name: a
              rhs:
                Ident:
                  name: b
          then_block:
            Block:
              list:
                - Ident:
                    name: foo
          else_block:
            Block:
              list:
                - Cond:
                    cond_expr:
                      BinOp:
                        op: Lt
                        lhs:
                          Ident:
                            name: c
                        rhs:
                          Ident:
                            name: a
                    then_block:
                      Block:
                        list:
                          - Ident:
                              name: bar
                    else_block: ~
- "(if (> a b) '(foo) '((if (< c a) '(bar))))"

