---
source: crates/parser/src/tests.rs
assertion_line: 200
expression: "(test[1], ast, ast_string)"
---
- "\nif a > b {\n    foo\n} else if c < a {\n    bar\n} else {\n    baz\n}\n"
- Ok:
    nodes:
      - Expr:
          Cond:
            cond_expr:
              BinOp:
                sym: Gt
                lhs:
                  Expr:
                    Ident:
                      name: a
                      ty: ~
                rhs:
                  Expr:
                    Ident:
                      name: b
                      ty: ~
                ty: ~
            then_block:
              Block:
                list:
                  - Expr:
                      Ident:
                        name: foo
                        ty: ~
                ty: ~
            else_block:
              Block:
                list:
                  - Expr:
                      Cond:
                        cond_expr:
                          BinOp:
                            sym: Lt
                            lhs:
                              Expr:
                                Ident:
                                  name: c
                                  ty: ~
                            rhs:
                              Expr:
                                Ident:
                                  name: a
                                  ty: ~
                            ty: ~
                        then_block:
                          Block:
                            list:
                              - Expr:
                                  Ident:
                                    name: bar
                                    ty: ~
                            ty: ~
                        else_block:
                          Block:
                            list:
                              - Expr:
                                  Ident:
                                    name: baz
                                    ty: ~
                            ty: ~
                        ty: ~
                ty: ~
            ty: ~
- "(if (> a b) '(foo) '((if (< c a) '(bar) '(baz))))"

