---
source: crates/parser/src/tests.rs
assertion_line: 219
expression: "(test[1], ast, ast_string)"
---
- let x
- Err:
    message: "Expecting `:` after identifier in `let` typed declaration. Got `EOF`"
    line: 0
    column: 0
- "Parsing error: Expecting `:` after identifier in `let` typed declaration. Got `EOF`"

