---
source: crates/parser/src/tests.rs
assertion_line: 225
expression: "(test[1], ast, ast_string)"
---
- "let x: float = 1.0"
- Ok:
    nodes:
      - node:
          Let:
            name: x
            antn: float
            init:
              node:
                Lit:
                  value:
                    Float: 1.0
- "(let x:float 1)"

