---
source: crates/parser/src/tests.rs
assertion_line: 226
expression: "(test[1], ast, ast_string)"
---
- x == 1 && (y == 2 || z == 3)
- Ok:
    nodes:
      - Expr:
          BinOp:
            sym: And
            lhs:
              Expr:
                BinOp:
                  sym: Eq
                  lhs:
                    Expr:
                      Ident:
                        name: x
                        ty: ~
                  rhs:
                    Expr:
                      Lit:
                        value:
                          UInt64: 1
                        ty: ~
                  ty: ~
            rhs:
              Expr:
                BinOp:
                  sym: Or
                  lhs:
                    Expr:
                      BinOp:
                        sym: Eq
                        lhs:
                          Expr:
                            Ident:
                              name: y
                              ty: ~
                        rhs:
                          Expr:
                            Lit:
                              value:
                                UInt64: 2
                              ty: ~
                        ty: ~
                  rhs:
                    Expr:
                      BinOp:
                        sym: Eq
                        lhs:
                          Expr:
                            Ident:
                              name: z
                              ty: ~
                        rhs:
                          Expr:
                            Lit:
                              value:
                                UInt64: 3
                              ty: ~
                        ty: ~
                  ty: ~
            ty: ~
- (&& (== x 1) (|| (== y 2) (== z 3)))

