---
source: crates/parser/src/tests.rs
assertion_line: 237
expression: "(test[1], ast, ast_string)"
---
- x || 1
- Ok:
    nodes:
      - Expr:
          BinOp:
            op: Or
            lhs:
              Expr:
                Ident:
                  name: x
            rhs:
              Expr:
                Lit:
                  value:
                    UInt64: 1
- (|| x 1)

