---
source: crates/parser/src/tests.rs
assertion_line: 237
expression: "(test[1], ast, ast_string)"
---
- x && 1
- Ok:
    nodes:
      - node:
          BinOp:
            op: And
            lhs:
              node:
                Ident:
                  name: x
            rhs:
              node:
                Lit:
                  value:
                    UInt64: 1
- (&& x 1)

