---
source: crates/parser/src/tests.rs
assertion_line: 237
expression: "(test[1], ast, ast_string)"
---
- x && 1
- Ok:
    nodes:
      - BinOp:
          op: And
          lhs:
            Ident:
              name: x
          rhs:
            Lit:
              value:
                UInt64: 1
- (&& x 1)

