---
source: crates/parser/src/tests.rs
assertion_line: 237
expression: "(test[1], ast, ast_string)"
---
- x == 1 && y == 2 || z == 3
- Ok:
    nodes:
      - BinOp:
          op: Or
          lhs:
            BinOp:
              op: And
              lhs:
                BinOp:
                  op: Eq
                  lhs:
                    Ident:
                      name: x
                  rhs:
                    Lit:
                      value:
                        UInt64: 1
              rhs:
                BinOp:
                  op: Eq
                  lhs:
                    Ident:
                      name: y
                  rhs:
                    Lit:
                      value:
                        UInt64: 2
          rhs:
            BinOp:
              op: Eq
              lhs:
                Ident:
                  name: z
              rhs:
                Lit:
                  value:
                    UInt64: 3
- (|| (&& (== x 1) (== y 2)) (== z 3))

