---
source: crates/parser/src/tests.rs
assertion_line: 237
expression: "(test[1], ast, ast_string)"
---
- x == 1 && y == 2 || z == 3
- Ok:
    nodes:
      - node:
          BinOp:
            op: Or
            lhs:
              node:
                BinOp:
                  op: And
                  lhs:
                    node:
                      BinOp:
                        op: Eq
                        lhs:
                          node:
                            Ident:
                              name: x
                        rhs:
                          node:
                            Lit:
                              value:
                                UInt64: 1
                  rhs:
                    node:
                      BinOp:
                        op: Eq
                        lhs:
                          node:
                            Ident:
                              name: y
                        rhs:
                          node:
                            Lit:
                              value:
                                UInt64: 2
            rhs:
              node:
                BinOp:
                  op: Eq
                  lhs:
                    node:
                      Ident:
                        name: z
                  rhs:
                    node:
                      Lit:
                        value:
                          UInt64: 3
- (|| (&& (== x 1) (== y 2)) (== z 3))

