---
source: crates/parser/src/tests.rs
assertion_line: 251
expression: "(test[1], ast, ast_string)"
---
- 19 ** 21 ** 40
- Ok:
    nodes:
      - kind:
          BinOp:
            op: Pow
            lhs:
              kind:
                Lit:
                  value:
                    UInt64: 19
            rhs:
              kind:
                BinOp:
                  op: Pow
                  lhs:
                    kind:
                      Lit:
                        value:
                          UInt64: 21
                  rhs:
                    kind:
                      Lit:
                        value:
                          UInt64: 40
- (** 19 (** 21 40))

