---
source: crates/parser/src/tests.rs
assertion_line: 242
expression: "(test[1], ast, ast_string)"
---
- 19 ** 21 + 40
- Ok:
    nodes:
      - Expr:
          BinOp:
            op: Add
            lhs:
              Expr:
                BinOp:
                  op: Pow
                  lhs:
                    Expr:
                      Lit:
                        value:
                          UInt64: 19
                        ty: ~
                  rhs:
                    Expr:
                      Lit:
                        value:
                          UInt64: 21
                        ty: ~
                  ty: ~
            rhs:
              Expr:
                Lit:
                  value:
                    UInt64: 40
                  ty: ~
            ty: ~
- (+ (** 19 21) 40)

