---
source: crates/parser/src/tests.rs
assertion_line: 251
expression: "(test[1], ast, ast_string)"
---
- 19 - 21 + 40
- Ok:
    nodes:
      - Expr:
          BinOp:
            op: Add
            lhs:
              Expr:
                BinOp:
                  op: Sub
                  lhs:
                    Expr:
                      Lit:
                        value:
                          UInt64: 19
                  rhs:
                    Expr:
                      Lit:
                        value:
                          UInt64: 21
            rhs:
              Expr:
                Lit:
                  value:
                    UInt64: 40
- (+ (- 19 21) 40)

