---
source: crates/parser/src/tests.rs
assertion_line: 258
expression: "(test[1], ast, ast_string)"
---
- (19 + 21) / 40
- Ok:
    nodes:
      - BinOp:
          op: Div
          lhs:
            BinOp:
              op: Add
              lhs:
                Lit:
                  value:
                    UInt64: 19
              rhs:
                Lit:
                  value:
                    UInt64: 21
          rhs:
            Lit:
              value:
                UInt64: 40
- (/ (+ 19 21) 40)

