---
source: crates/parser/src/tests.rs
assertion_line: 258
expression: "(test[1], ast, ast_string)"
---
- 3 * ((19 + 21) - 5) / 40
- Ok:
    nodes:
      - kind:
          BinOp:
            op: Div
            lhs:
              kind:
                BinOp:
                  op: Mul
                  lhs:
                    kind:
                      Lit:
                        value:
                          UInt64: 3
                  rhs:
                    kind:
                      BinOp:
                        op: Sub
                        lhs:
                          kind:
                            BinOp:
                              op: Add
                              lhs:
                                kind:
                                  Lit:
                                    value:
                                      UInt64: 19
                              rhs:
                                kind:
                                  Lit:
                                    value:
                                      UInt64: 21
                        rhs:
                          kind:
                            Lit:
                              value:
                                UInt64: 5
            rhs:
              kind:
                Lit:
                  value:
                    UInt64: 40
- (/ (* 3 (- (+ 19 21) 5)) 40)

