---
source: crates/parser/src/tests.rs
assertion_line: 272
expression: "(test[1], ast, ast_string)"
---
- 3 - -21
- Ok:
    nodes:
      - node:
          BinOp:
            op: Sub
            lhs:
              node:
                Lit:
                  value:
                    UInt64: 3
            rhs:
              node:
                UnOp:
                  op: Sub
                  rhs:
                    node:
                      Lit:
                        value:
                          UInt64: 21
- (- 3 (- 21))

