---
source: crates/parser/src/tests.rs
assertion_line: 262
expression: "(test[1], ast, ast_string)"
---
- "-21"
- Ok:
    nodes:
      - Expr:
          UnOp:
            op: Sub
            rhs:
              Expr:
                Lit:
                  value:
                    UInt64: 21
                  ty: ~
            ty: ~
- (- 21)

