---
source: crates/parser/src/tests.rs
assertion_line: 265
expression: "(test[1], ast, ast_string)"
---
- 3 - -21
- Ok:
    nodes:
      - Expr:
          BinOp:
            sym: Sub
            lhs:
              Expr:
                Lit:
                  value:
                    UInt64: 3
                  ty: ~
            rhs:
              Expr:
                UnOp:
                  sym: Sub
                  rhs:
                    Expr:
                      Lit:
                        value:
                          UInt64: 21
                        ty: ~
                  ty: ~
            ty: ~
- (- 3 (- 21))

