---
source: crates/parser/src/tests.rs
assertion_line: 272
expression: "(test[1], ast, ast_string)"
---
- "-a * 2"
- Ok:
    nodes:
      - node:
          BinOp:
            op: Mul
            lhs:
              node:
                UnOp:
                  op: Sub
                  rhs:
                    node:
                      Ident:
                        name: a
            rhs:
              node:
                Lit:
                  value:
                    UInt64: 2
- (* (- a) 2)

