---
source: crates/parser/src/tests.rs
assertion_line: 272
expression: "(test[1], ast, ast_string)"
---
- "-4 ** 2"
- Ok:
    nodes:
      - node:
          UnOp:
            op: Sub
            rhs:
              node:
                BinOp:
                  op: Pow
                  lhs:
                    node:
                      Lit:
                        value:
                          UInt64: 4
                  rhs:
                    node:
                      Lit:
                        value:
                          UInt64: 2
- (- (** 4 2))

