---
source: tests/lexer.rs
assertion_line: 12
expression: "Lexer::new(&input).collect::<Result<Vec<_>, _>>()"
input_file: tests/inputs/lexer/multi_line_comment.input

---
Ok:
  - tt: Let
    line: 1
    column: 1
  - tt:
      Ident: foo
    line: 1
    column: 5
  - tt:
      Op: Assign
    line: 1
    column: 9
  - tt:
      Int: 14
    line: 1
    column: 11
  - tt:
      Ident: foo
    line: 4
    column: 1

