---
source: src/parser/mod.rs
assertion_line: 472
expression: asts
input_file: src/parser/tests/inputs/func_def_multi_expr.input

---
- - Ok:
      - Func:
          proto:
            name: a
            args:
              - - b
                - I64
              - - c
                - I64
          body:
            - BinOp:
                sym: Plus
                lhs:
                  BinOp:
                    sym: Plus
                    lhs:
                      U64: 19
                    rhs:
                      Var:
                        name: a
                rhs:
                  U64: 40
            - BinOp:
                sym: Plus
                lhs:
                  Var:
                    name: b
                rhs:
                  Var:
                    name: a
  - "(define (a b:i64 c:i64) (+ (+ 19 a) 40) (+ b a))"

