---
source: src/parser/mod.rs
assertion_line: 439
expression: asts
input_file: src/parser/tests/inputs/multi_num.input

---
- - Ok:
      - Expr:
          BinOp:
            sym: Plus
            lhs:
              BinOp:
                sym: Plus
                lhs:
                  I64: 19
                rhs:
                  I64: 21
            rhs:
              UnOp:
                sym: Minus
                rhs:
                  I64: 40
  - (+ (+ 19 21) (- 40))

