---
source: src/parser/mod.rs
assertion_line: 555
expression: asts
input_file: src/parser/tests/inputs/call_with_call_arg.input
---
- - a(b(c))
  - Ok:
      nodes:
        - Expr:
            Call:
              name: a
              args:
                - Expr:
                    Call:
                      name: b
                      args:
                        - Expr:
                            Ident:
                              name: c
                              ty: ~
                      ty: ~
              ty: ~
  - (a (b c))

