---
source: src/parser/mod.rs
assertion_line: 486
expression: asts
input_file: src/parser/tests/inputs/assignment.input

---
- - Ok:
      - Expr:
          BinOp:
            sym: Assign
            lhs:
              Expr:
                Var:
                  name: x
            rhs:
              Expr:
                BinOp:
                  sym: Plus
                  lhs:
                    Expr:
                      Var:
                        name: x
                  rhs:
                    Expr:
                      U64: 1
  - (= x (+ x 1))

