---
source: src/parser/mod.rs
assertion_line: 452
expression: asts
input_file: src/parser/tests/inputs/for.input

---
- - Ok:
      - Expr:
          For:
            var_name: x
            start:
              I64: 1
            cond:
              BinOp:
                sym: Lt
                lhs:
                  Var:
                    name: x
                rhs:
                  I64: 10
            step:
              I64: 1
            body:
              - Var:
                  name: foo
  - (for (let x 1) (< x 10) 1 foo)
- - Err:
      message: "Expecting 'let' after for. Got EOF"
      line: 0
      column: 0
  - "Parsing error: Expecting 'let' after for. Got EOF"
- - Err:
      message: Expecting identifier after let. Got EOF
      line: 0
      column: 0
  - "Parsing error: Expecting identifier after let. Got EOF"
- - Err:
      message: "Expecting '=' after identifer. Got EOF"
      line: 0
      column: 0
  - "Parsing error: Expecting '=' after identifer. Got EOF"
- - Err:
      message: Premature end of expression
      line: 0
      column: 0
  - "Parsing error: Premature end of expression"
- - Err:
      message: "Expecting ';' after start. Got EOF"
      line: 0
      column: 0
  - "Parsing error: Expecting ';' after start. Got EOF"

