---
source: src/parser/mod.rs
assertion_line: 542
expression: asts
input_file: src/parser/tests/inputs/block.input
---
- - Ok:
      nodes:
        - Stmt:
            Cond:
              cond:
                Expr:
                  Ident:
                    name: foo
                    ty: ~
              cons:
                - Expr:
                    Ident:
                      name: bar
                      ty: ~
              alt: ~
  - (if foo bar)
- - Ok:
      nodes:
        - Stmt:
            Cond:
              cond:
                Expr:
                  Ident:
                    name: foo
                    ty: ~
              cons: []
              alt: ~
  - (if foo)
- - Err:
      message: "Expecting '{' to start block. Got EOF"
      line: 0
      column: 0
  - "Parsing error: Expecting '{' to start block. Got EOF"
- - Err:
      message: "Expecting '}' to terminate block"
      line: 0
      column: 0
  - "Parsing error: Expecting '}' to terminate block"

