---
source: src/parser/mod.rs
assertion_line: 540
expression: asts
input_file: src/parser/tests/inputs/let.input
---
- - Ok:
      nodes:
        - Stmt:
            Let:
              name: x
              antn: U64
              init:
                Expr:
                  Lit:
                    value:
                      U64: 1
                    ty: ~
  - "(let x:u64 1)"
- - Ok:
      nodes:
        - Stmt:
            Let:
              name: x
              antn: U64
              init:
                Expr:
                  Lit:
                    value:
                      F64: 1.0
                    ty: ~
  - "(let x:u64 1)"
- - Err:
      message: Premature end of expression
      line: 0
      column: 0
  - "Parsing error: Premature end of expression"
- - Ok:
      nodes:
        - Stmt:
            Let:
              name: x
              antn: U64
              init: ~
  - "(let x:u64)"
- - Err:
      message: Type annotation required in let statement. Got EOF
      line: 0
      column: 0
  - "Parsing error: Type annotation required in let statement. Got EOF"
- - Err:
      message: Expecting colon in let statement. Got EOF
      line: 0
      column: 0
  - "Parsing error: Expecting colon in let statement. Got EOF"
- - Err:
      message: Expecting identifier after let. Got EOF
      line: 0
      column: 0
  - "Parsing error: Expecting identifier after let. Got EOF"

