---
source: src/parser/mod.rs
assertion_line: 555
expression: asts
input_file: src/parser/tests/inputs/gt_lt.input
---
- - a + b > 40
  - Ok:
      nodes:
        - Expr:
            BinOp:
              sym: Gt
              lhs:
                Expr:
                  BinOp:
                    sym: Add
                    lhs:
                      Expr:
                        Ident:
                          name: a
                          ty: ~
                    rhs:
                      Expr:
                        Ident:
                          name: b
                          ty: ~
                    ty: ~
              rhs:
                Expr:
                  Lit:
                    value:
                      UInt64: 40
                    ty: ~
              ty: ~
  - (> (+ a b) 40)
- - a < b / 40
  - Ok:
      nodes:
        - Expr:
            BinOp:
              sym: Lt
              lhs:
                Expr:
                  Ident:
                    name: a
                    ty: ~
              rhs:
                Expr:
                  BinOp:
                    sym: Div
                    lhs:
                      Expr:
                        Ident:
                          name: b
                          ty: ~
                    rhs:
                      Expr:
                        Lit:
                          value:
                            UInt64: 40
                          ty: ~
                    ty: ~
              ty: ~
  - (< a (/ b 40))

