---
source: tests/parser.rs
assertion_line: 36
expression: asts
input_file: tests/inputs/parser/call_expr.input

---
- - Ok:
      - Expr:
          Call:
            name: a
            args:
              - Var:
                  name: b
              - Var:
                  name: c
  - (a b c)
- - Err:
      message: "Expecting ')' in function call. Got EOF"
      line: 0
      column: 0
  - "Parsing error: Expecting ')' in function call. Got EOF"
- - Err:
      message: "Expecting ',' or ')' in function call"
      line: 0
      column: 0
  - "Parsing error: Expecting ',' or ')' in function call"
- - Err:
      message: "Expecting ')' in function call. Got EOF"
      line: 0
      column: 0
  - "Parsing error: Expecting ')' in function call. Got EOF"
- - Err:
      message: "Expecting ',' in function call. Got identifier: b"
      line: 1
      column: 5
  - "Parsing error: Expecting ',' in function call. Got identifier: b at 1:5"

