---
source: src/parser/mod.rs
assertion_line: 535
expression: asts
input_file: src/parser/tests/inputs/block.input
---
- - Ok:
      nodes:
        - Expr:
            Cond:
              cond_expr:
                Ident:
                  name: foo
                  ty: ~
              then_block:
                - Expr:
                    Ident:
                      name: bar
                      ty: ~
              else_block: ~
              ty: ~
  - (if foo bar)
- - Ok:
      nodes:
        - Expr:
            Cond:
              cond_expr:
                Ident:
                  name: foo
                  ty: ~
              then_block: []
              else_block: ~
              ty: ~
  - (if foo)
- - Err:
      message: "Expecting '{' to start block. Got EOF"
      line: 0
      column: 0
  - "Parsing error: Expecting '{' to start block. Got EOF"
- - Err:
      message: "Expecting '}' to terminate block"
      line: 0
      column: 0
  - "Parsing error: Expecting '}' to terminate block"

