---
source: src/parser/mod.rs
assertion_line: 488
expression: asts
input_file: src/parser/tests/inputs/call_with_call_arg.input

---
- - Ok:
      - Expr:
          Call:
            name: a
            args:
              - Expr:
                  Call:
                    name: b
                    args:
                      - Expr:
                          Var:
                            name: c
  - (a (b c))

