---
source: src/parser/mod.rs
assertion_line: 484
expression: asts
input_file: src/parser/tests/inputs/call_with_expr_arg.input

---
- - Ok:
      nodes:
        - Expr:
            Call:
              name: a
              args:
                - Expr:
                    BinOp:
                      sym: Plus
                      lhs:
                        Expr:
                          Ident:
                            name: b
                      rhs:
                        Expr:
                          U64: 1
                - Expr:
                    BinOp:
                      sym: Minus
                      lhs:
                        Expr:
                          Ident:
                            name: c
                      rhs:
                        Expr:
                          BinOp:
                            sym: Div
                            lhs:
                              Expr:
                                U64: 2
                            rhs:
                              Expr:
                                U64: 4
  - (a (+ b 1) (- c (/ 2 4)))

