---
source: src/parser/mod.rs
assertion_line: 542
expression: asts
input_file: src/parser/tests/inputs/call_expr.input
---
- - Ok:
      nodes:
        - Expr:
            Call:
              name: a
              args:
                - Expr:
                    Ident:
                      name: b
                      ty: ~
                - Expr:
                    Ident:
                      name: c
                      ty: ~
              ty: ~
  - (a b c)
- - Err:
      message: "Expecting ')' in function call. Got EOF"
      line: 0
      column: 0
  - "Parsing error: Expecting ')' in function call. Got EOF"
- - Err:
      message: "Expecting ',' or ')' in function call. Got identifier: a"
      line: 1
      column: 3
  - "Parsing error: Expecting ',' or ')' in function call. Got identifier: a at 1:3"
- - Err:
      message: "Expecting ')' in function call. Got EOF"
      line: 0
      column: 0
  - "Parsing error: Expecting ')' in function call. Got EOF"
- - Err:
      message: "Expecting ',' or ')' in function call. Got identifier: b"
      line: 1
      column: 3
  - "Parsing error: Expecting ',' or ')' in function call. Got identifier: b at 1:3"

