---
source: src/parser/mod.rs
assertion_line: 472
expression: asts
input_file: src/parser/tests/inputs/bin_ops.input

---
- - Ok:
      - Expr:
          BinOp:
            sym: Minus
            lhs:
              U64: 20
            rhs:
              U64: 19
  - (- 20 19)
- - Err:
      message: "Unknown binary operator: !"
      line: 0
      column: 0
  - "Parsing error: Unknown binary operator: !"

