---
source: src/parser/mod.rs
assertion_line: 540
expression: asts
input_file: src/parser/tests/inputs/for.input
---
- - Ok:
      nodes:
        - Stmt:
            For:
              start_name: x
              start_antn: U64
              start_expr:
                Lit:
                  value:
                    U64: 1
                  ty: ~
              cond_expr:
                BinOp:
                  sym: Lt
                  lhs:
                    Expr:
                      Ident:
                        name: x
                        ty: ~
                  rhs:
                    Expr:
                      Lit:
                        value:
                          U64: 10
                        ty: ~
                  ty: ~
              step_expr:
                Lit:
                  value:
                    U64: 1
                  ty: ~
              body:
                - Expr:
                    Ident:
                      name: foo
                      ty: ~
  - "(for (x: u64 1) (< x 10) 1 foo)"
- - Err:
      message: Expecting identifier after for. Got EOF
      line: 0
      column: 0
  - "Parsing error: Expecting identifier after for. Got EOF"
- - Err:
      message: Expecting colon in initial statement. Got EOF
      line: 0
      column: 0
  - "Parsing error: Expecting colon in initial statement. Got EOF"
- - Err:
      message: Type annotation required in intial statement. Got EOF
      line: 0
      column: 0
  - "Parsing error: Type annotation required in intial statement. Got EOF"
- - Err:
      message: "Expecting '=' after identifer. Got EOF"
      line: 0
      column: 0
  - "Parsing error: Expecting '=' after identifer. Got EOF"
- - Err:
      message: Premature end of expression
      line: 0
      column: 0
  - "Parsing error: Premature end of expression"
- - Err:
      message: "Expecting ';' after start. Got EOF"
      line: 0
      column: 0
  - "Parsing error: Expecting ';' after start. Got EOF"

