---
source: src/parser/mod.rs
assertion_line: 439
expression: asts
input_file: src/parser/tests/inputs/assignment.input

---
- - Ok:
      - Expr:
          BinOp:
            sym: Assign
            lhs:
              Var:
                name: x
            rhs:
              BinOp:
                sym: Plus
                lhs:
                  Var:
                    name: x
                rhs:
                  I64: 1
  - (= x (+ x 1))

