---
source: src/parser/mod.rs
assertion_line: 542
expression: asts
input_file: src/parser/tests/inputs/if_only.input
---
- - Ok:
      nodes:
        - Stmt:
            Cond:
              cond:
                Expr:
                  BinOp:
                    sym: Gt
                    lhs:
                      Expr:
                        Ident:
                          name: a
                          ty: ~
                    rhs:
                      Expr:
                        Ident:
                          name: b
                          ty: ~
                    ty: ~
              cons:
                - Expr:
                    Ident:
                      name: foo
                      ty: ~
              alt: ~
  - (if (> a b) foo)

