---
source: src/parser/mod.rs
assertion_line: 536
expression: asts
input_file: src/parser/tests/inputs/op_prec_r_assoc.input
---
- - Ok:
      nodes:
        - Expr:
            BinOp:
              sym: Pow
              lhs:
                Expr:
                  Lit:
                    value:
                      Int32: 19
                    ty: ~
              rhs:
                Expr:
                  BinOp:
                    sym: Pow
                    lhs:
                      Expr:
                        Lit:
                          value:
                            Int32: 21
                          ty: ~
                    rhs:
                      Expr:
                        Lit:
                          value:
                            Int32: 40
                          ty: ~
                    ty: ~
              ty: ~
  - (^ 19 (^ 21 40))
- - Ok:
      nodes:
        - Expr:
            BinOp:
              sym: Add
              lhs:
                Expr:
                  BinOp:
                    sym: Pow
                    lhs:
                      Expr:
                        Lit:
                          value:
                            Int32: 19
                          ty: ~
                    rhs:
                      Expr:
                        Lit:
                          value:
                            Int32: 21
                          ty: ~
                    ty: ~
              rhs:
                Expr:
                  Lit:
                    value:
                      Int32: 40
                    ty: ~
              ty: ~
  - (+ (^ 19 21) 40)
- - Ok:
      nodes:
        - Expr:
            BinOp:
              sym: Div
              lhs:
                Expr:
                  BinOp:
                    sym: Pow
                    lhs:
                      Expr:
                        Lit:
                          value:
                            Int32: 19
                          ty: ~
                    rhs:
                      Expr:
                        BinOp:
                          sym: Pow
                          lhs:
                            Expr:
                              Lit:
                                value:
                                  Int32: 21
                                ty: ~
                          rhs:
                            Expr:
                              Lit:
                                value:
                                  Int32: 40
                                ty: ~
                          ty: ~
                    ty: ~
              rhs:
                Expr:
                  Lit:
                    value:
                      Int32: 2
                    ty: ~
              ty: ~
  - (/ (^ 19 (^ 21 40)) 2)

