---
source: src/parser/mod.rs
assertion_line: 542
expression: asts
input_file: src/parser/tests/inputs/bin_ops.input
---
- - Ok:
      nodes:
        - Expr:
            BinOp:
              sym: Sub
              lhs:
                Expr:
                  Lit:
                    value:
                      U64: 20
                    ty: ~
              rhs:
                Expr:
                  Lit:
                    value:
                      U64: 19
                    ty: ~
              ty: ~
  - (- 20 19)
- - Err:
      message: "Unknown binary operator: !"
      line: 0
      column: 0
  - "Parsing error: Unknown binary operator: !"

