---
source: src/parser/mod.rs
assertion_line: 484
expression: asts
input_file: src/parser/tests/inputs/if_else.input

---
- - Ok:
      nodes:
        - Stmt:
            Cond:
              cond:
                Expr:
                  BinOp:
                    sym: Gt
                    lhs:
                      Expr:
                        Ident:
                          name: a
                    rhs:
                      Expr:
                        Ident:
                          name: b
              cons:
                - Expr:
                    Ident:
                      name: foo
              alt:
                - Expr:
                    Ident:
                      name: bar
  - (if (> a b) foo bar)
- - Err:
      message: "Expecting 'if' or '{' after else"
      line: 1
      column: 23
  - "Parsing error: Expecting 'if' or '{' after else at 1:23"

