---
source: src/parser/mod.rs
assertion_line: 536
expression: asts
input_file: src/parser/tests/inputs/logical_ops.input
---
- - Ok:
      nodes:
        - Expr:
            BinOp:
              sym: Eq
              lhs:
                Expr:
                  Ident:
                    name: x
                    ty: ~
              rhs:
                Expr:
                  Lit:
                    value:
                      Int32: 1
                    ty: ~
              ty: ~
  - (== x 1)
- - Ok:
      nodes:
        - Expr:
            BinOp:
              sym: And
              lhs:
                Expr:
                  Ident:
                    name: x
                    ty: ~
              rhs:
                Expr:
                  Lit:
                    value:
                      Int32: 1
                    ty: ~
              ty: ~
  - (&& x 1)
- - Ok:
      nodes:
        - Expr:
            BinOp:
              sym: Or
              lhs:
                Expr:
                  Ident:
                    name: x
                    ty: ~
              rhs:
                Expr:
                  Lit:
                    value:
                      Int32: 1
                    ty: ~
              ty: ~
  - (|| x 1)
- - Ok:
      nodes:
        - Expr:
            BinOp:
              sym: Or
              lhs:
                Expr:
                  BinOp:
                    sym: And
                    lhs:
                      Expr:
                        BinOp:
                          sym: Eq
                          lhs:
                            Expr:
                              Ident:
                                name: x
                                ty: ~
                          rhs:
                            Expr:
                              Lit:
                                value:
                                  Int32: 1
                                ty: ~
                          ty: ~
                    rhs:
                      Expr:
                        BinOp:
                          sym: Eq
                          lhs:
                            Expr:
                              Ident:
                                name: y
                                ty: ~
                          rhs:
                            Expr:
                              Lit:
                                value:
                                  Int32: 2
                                ty: ~
                          ty: ~
                    ty: ~
              rhs:
                Expr:
                  BinOp:
                    sym: Eq
                    lhs:
                      Expr:
                        Ident:
                          name: z
                          ty: ~
                    rhs:
                      Expr:
                        Lit:
                          value:
                            Int32: 3
                          ty: ~
                    ty: ~
              ty: ~
  - (|| (&& (== x 1) (== y 2)) (== z 3))
- - Ok:
      nodes:
        - Expr:
            BinOp:
              sym: And
              lhs:
                Expr:
                  BinOp:
                    sym: Eq
                    lhs:
                      Expr:
                        Ident:
                          name: x
                          ty: ~
                    rhs:
                      Expr:
                        Lit:
                          value:
                            Int32: 1
                          ty: ~
                    ty: ~
              rhs:
                Expr:
                  BinOp:
                    sym: Or
                    lhs:
                      Expr:
                        BinOp:
                          sym: Eq
                          lhs:
                            Expr:
                              Ident:
                                name: y
                                ty: ~
                          rhs:
                            Expr:
                              Lit:
                                value:
                                  Int32: 2
                                ty: ~
                          ty: ~
                    rhs:
                      Expr:
                        BinOp:
                          sym: Eq
                          lhs:
                            Expr:
                              Ident:
                                name: z
                                ty: ~
                          rhs:
                            Expr:
                              Lit:
                                value:
                                  Int32: 3
                                ty: ~
                          ty: ~
                    ty: ~
              ty: ~
  - (&& (== x 1) (|| (== y 2) (== z 3)))

