---
source: src/parser/mod.rs
assertion_line: 439
expression: asts
input_file: src/parser/tests/inputs/op_prec_r_assoc.input

---
- - Ok:
      - Expr:
          BinOp:
            sym: Pow
            lhs:
              I64: 19
            rhs:
              BinOp:
                sym: Pow
                lhs:
                  I64: 21
                rhs:
                  I64: 40
  - (^ 19 (^ 21 40))
- - Ok:
      - Expr:
          BinOp:
            sym: Plus
            lhs:
              BinOp:
                sym: Pow
                lhs:
                  I64: 19
                rhs:
                  I64: 21
            rhs:
              I64: 40
  - (+ (^ 19 21) 40)
- - Ok:
      - Expr:
          BinOp:
            sym: Div
            lhs:
              BinOp:
                sym: Pow
                lhs:
                  I64: 19
                rhs:
                  BinOp:
                    sym: Pow
                    lhs:
                      I64: 21
                    rhs:
                      I64: 40
            rhs:
              I64: 2
  - (/ (^ 19 (^ 21 40)) 2)

