---
source: src/parser/mod.rs
assertion_line: 486
expression: asts
input_file: src/parser/tests/inputs/unary_ops.input

---
- - Ok:
      - Expr:
          UnOp:
            sym: Minus
            rhs:
              Expr:
                U64: 21
  - (- 21)
- - Ok:
      - Expr:
          BinOp:
            sym: Mult
            lhs:
              Expr:
                UnOp:
                  sym: Minus
                  rhs:
                    Expr:
                      Var:
                        name: a
            rhs:
              Expr:
                U64: 2
  - (* (- a) 2)
- - Ok:
      - Expr:
          BinOp:
            sym: Minus
            lhs:
              Expr:
                U64: 3
            rhs:
              Expr:
                UnOp:
                  sym: Minus
                  rhs:
                    Expr:
                      U64: 21
  - (- 3 (- 21))
- - Ok:
      - Expr:
          UnOp:
            sym: Minus
            rhs:
              Expr:
                BinOp:
                  sym: Pow
                  lhs:
                    Expr:
                      U64: 4
                  rhs:
                    Expr:
                      U64: 2
  - (- (^ 4 2))
- - Ok:
      - Expr:
          UnOp:
            sym: Minus
            rhs:
              Expr:
                UnOp:
                  sym: Minus
                  rhs:
                    Expr:
                      U64: 21
  - (- (- 21))
- - Err:
      message: "Unknown unary operator: *"
      line: 0
      column: 0
  - "Parsing error: Unknown unary operator: *"

