---
source: src/parser/mod.rs
assertion_line: 555
expression: asts
input_file: src/parser/tests/inputs/let.input
---
- - "let x: int = 1"
  - Ok:
      nodes:
        - Stmt:
            Let:
              name: x
              antn: Int32
              init:
                Expr:
                  Lit:
                    value:
                      UInt64: 1
                    ty: ~
  - "(let x:int32 1)"
- - "let x: float = 1.0"
  - Ok:
      nodes:
        - Stmt:
            Let:
              name: x
              antn: Float
              init:
                Expr:
                  Lit:
                    value:
                      Float: 1.0
                    ty: ~
  - "(let x:float 1)"
- - "let x: int ="
  - Err:
      message: Premature end of expression
      line: 0
      column: 0
  - "Parsing error: Premature end of expression"
- - "let x: int"
  - Ok:
      nodes:
        - Stmt:
            Let:
              name: x
              antn: Int32
              init: ~
  - "(let x:int32)"
- - "let x:"
  - Err:
      message: Type annotation required in let statement. Got EOF
      line: 0
      column: 0
  - "Parsing error: Type annotation required in let statement. Got EOF"
- - let x
  - Err:
      message: Expecting colon in let statement. Got EOF
      line: 0
      column: 0
  - "Parsing error: Expecting colon in let statement. Got EOF"
- - let
  - Err:
      message: Expecting identifier after let. Got EOF
      line: 0
      column: 0
  - "Parsing error: Expecting identifier after let. Got EOF"

