---
source: src/parser/mod.rs
assertion_line: 555
expression: asts
input_file: src/parser/tests/inputs/paren_prec_complex.input
---
- - 3 * ((19 + 21) - 5) / 40
  - Ok:
      nodes:
        - Expr:
            BinOp:
              sym: Div
              lhs:
                Expr:
                  BinOp:
                    sym: Mul
                    lhs:
                      Expr:
                        Lit:
                          value:
                            UInt64: 3
                          ty: ~
                    rhs:
                      Expr:
                        BinOp:
                          sym: Sub
                          lhs:
                            Expr:
                              BinOp:
                                sym: Add
                                lhs:
                                  Expr:
                                    Lit:
                                      value:
                                        UInt64: 19
                                      ty: ~
                                rhs:
                                  Expr:
                                    Lit:
                                      value:
                                        UInt64: 21
                                      ty: ~
                                ty: ~
                          rhs:
                            Expr:
                              Lit:
                                value:
                                  UInt64: 5
                                ty: ~
                          ty: ~
                    ty: ~
              rhs:
                Expr:
                  Lit:
                    value:
                      UInt64: 40
                    ty: ~
              ty: ~
  - (/ (* 3 (- (+ 19 21) 5)) 40)

