---
source: src/parser/mod.rs
assertion_line: 452
expression: asts
input_file: src/parser/tests/inputs/expr.input

---
- - Ok:
      - Expr:
          BinOp:
            sym: Plus
            lhs:
              BinOp:
                sym: Plus
                lhs:
                  I64: 19
                rhs:
                  Var:
                    name: a
            rhs:
              I64: 40
  - (+ (+ 19 a) 40)
- - Err:
      message: Premature end of expression
      line: 0
      column: 0
  - "Parsing error: Premature end of expression"
- - Err:
      message: Expecting primary expression. Got Else
      line: 1
      column: 6
  - "Parsing error: Expecting primary expression. Got Else at 1:6"

