---
source: src/parser/mod.rs
assertion_line: 439
expression: asts
input_file: src/parser/tests/inputs/multi_exprs.input

---
- - Ok:
      - Expr:
          BinOp:
            sym: Pow
            lhs:
              I64: 19
            rhs:
              BinOp:
                sym: Pow
                lhs:
                  I64: 21
                rhs:
                  I64: 40
      - Expr:
          BinOp:
            sym: Plus
            lhs:
              BinOp:
                sym: Minus
                lhs:
                  I64: 19
                rhs:
                  BinOp:
                    sym: Mult
                    lhs:
                      I64: 21
                    rhs:
                      I64: 20
            rhs:
              I64: 40
  - (^ 19 (^ 21 40))(+ (- 19 (* 21 20)) 40)

