---
source: src/parser/mod.rs
assertion_line: 484
expression: asts
input_file: src/parser/tests/inputs/func_def.input

---
- - Ok:
      nodes:
        - Stmt:
            Fn:
              proto:
                name: a
                args:
                  - - b
                    - I64
                  - - c
                    - I64
              body:
                - Expr:
                    BinOp:
                      sym: Plus
                      lhs:
                        Expr:
                          BinOp:
                            sym: Plus
                            lhs:
                              Expr:
                                U64: 19
                            rhs:
                              Expr:
                                Ident:
                                  name: a
                      rhs:
                        Expr:
                          U64: 40
  - "(define (a b:i64 c:i64) (+ (+ 19 a) 40))"
- - Err:
      message: Expecting function name in prototype. Got OpenParen
      line: 1
      column: 4
  - "Parsing error: Expecting function name in prototype. Got OpenParen at 1:4"
- - Err:
      message: "Expecting '(' in prototype. Got EOF"
      line: 0
      column: 0
  - "Parsing error: Expecting '(' in prototype. Got EOF"
- - Err:
      message: "Expecting ')' or identifier in prototype. Got OpenBrace"
      line: 1
      column: 7
  - "Parsing error: Expecting ')' or identifier in prototype. Got OpenBrace at 1:7"
- - Err:
      message: "Expecting ')' or identifier in prototype. Got OpenBrace"
      line: 1
      column: 14
  - "Parsing error: Expecting ')' or identifier in prototype. Got OpenBrace at 1:14"
- - Err:
      message: "Expecting ',' or ')' in prototype. Got identifier: b"
      line: 1
      column: 13
  - "Parsing error: Expecting ',' or ')' in prototype. Got identifier: b at 1:13"
- - Err:
      message: "Expecting '{' to start block. Got EOF"
      line: 0
      column: 0
  - "Parsing error: Expecting '{' to start block. Got EOF"
- - Err:
      message: "Expecting ')' or identifier in prototype. Got OpenBrace"
      line: 1
      column: 14
  - "Parsing error: Expecting ')' or identifier in prototype. Got OpenBrace at 1:14"
- - Err:
      message: "Expecting one of [',', ')', ':']. Got EOF"
      line: 0
      column: 0
  - "Parsing error: Expecting one of [',', ')', ':']. Got EOF"
- - Err:
      message: "Expecting '{' to start block. Got EOF"
      line: 0
      column: 0
  - "Parsing error: Expecting '{' to start block. Got EOF"
- - Err:
      message: Expecting vartype in prototype. Got CloseParen
      line: 1
      column: 8
  - "Parsing error: Expecting vartype in prototype. Got CloseParen at 1:8"
- - Err:
      message: "Expecting ':' in prototype. Got CloseParen"
      line: 1
      column: 7
  - "Parsing error: Expecting ':' in prototype. Got CloseParen at 1:7"

