---
source: tests/parser.rs
assertion_line: 36
expression: asts
input_file: tests/inputs/parser/call_expr.input

---
- - Ok:
      - Expr:
          Call:
            name: a
            args:
              - Var:
                  name: b
              - Var:
                  name: c
  - (a b c)
- - Err: "Expecting ')' in function call"
  - "Expecting ')' in function call"
- - Err: "Expecting ',' or ')' in function call"
  - "Expecting ',' or ')' in function call"
- - Err: "Expecting ')' in function call"
  - "Expecting ')' in function call"
- - Err: "Expecting ','. Got: Ident(\"b\")"
  - "Expecting ','. Got: Ident(\"b\")"

