---
source: crates/codegen/src/tests.rs
assertion_line: 255
expression: "(test[1], res, res_opt)"
---
- "\nfn main() {\n    let x: float\n}\n"
- "; ModuleID = 'main_mod'\nsource_filename = \"main_mod\"\n\ndefine i32 @main() {\nentry:\n  %x = alloca float, align 4\n  store float 0.000000e+00, float* %x, align 4\n  ret i32 0\n}\n"
- "; ModuleID = 'main_mod'\nsource_filename = \"main_mod\"\n\ndefine i32 @main() {\nentry:\n  ret i32 0\n}\n"

