---
source: crates/codegen/src/tests.rs
assertion_line: 513
expression: "(test[1], res, res_opt)"
---
- "\nfn main() {\n    let i: int = 0\n    loop {\n        i += 1\n    }\n}\n"
- "; ModuleID = 'main'\nsource_filename = \"main\"\n\ndefine void @main() {\nentry:\n  %i = alloca i32, align 4\n  store i32 0, i32* %i, align 4\n  br label %loop.body\n\nloop.body:                                        ; preds = %loop.body, %entry\n  %i1 = load i32, i32* %i, align 4\n  %i2 = load i32, i32* %i, align 4\n  %add.int = add i32 %i2, 1\n  store i32 %add.int, i32* %i, align 4\n  br label %loop.body\n\nloop.post:                                        ; No predecessors!\n  ret void\n}\n"
- "; ModuleID = 'main'\nsource_filename = \"main\"\n\ndefine void @main() {\nentry:\n  br label %loop.body\n\nloop.body:                                        ; preds = %loop.body, %entry\n  br label %loop.body\n}\n"

