---
source: crates/codegen/src/tests.rs
assertion_line: 587
expression: "(test[1], res, res_opt)"
---
- "\nfn main() {\n    let i: int = 0\n    loop {\n        i += 1\n        break\n    }\n    i += 1\n}\n"
- "; ModuleID = 'main'\nsource_filename = \"main\"\n\ndefine void @main() {\nentry:\n  %i = alloca i32, align 4\n  store i32 0, i32* %i, align 4\n  br label %loop.body\n\nloop.body:                                        ; preds = %entry\n  %i1 = load i32, i32* %i, align 4\n  %i2 = load i32, i32* %i, align 4\n  %add.int = add i32 %i2, 1\n  store i32 %add.int, i32* %i, align 4\n  br label %loop.post\n\nloop.post:                                        ; preds = %loop.body\n  %i3 = load i32, i32* %i, align 4\n  %i4 = load i32, i32* %i, align 4\n  %add.int5 = add i32 %i4, 1\n  store i32 %add.int5, i32* %i, align 4\n  ret void\n}\n"
- "; ModuleID = 'main'\nsource_filename = \"main\"\n\ndefine void @main() {\nentry:\n  ret void\n}\n"

