---
source: src/lexer/mod.rs
assertion_line: 487
expression: "(input, Lexer::new(input).scan())"
---
- "let a: int = 1"
- Ok:
    - tt: Let
      line: 1
      column: 1
    - tt:
        Ident: a
      line: 1
      column: 5
    - tt: Colon
      line: 1
      column: 6
    - tt:
        VarType: Int32
      line: 1
      column: 8
    - tt:
        Op: Assign
      line: 1
      column: 12
    - tt:
        Num: "1"
      line: 1
      column: 14
    - tt:
        Semicolon: true
      line: 1
      column: 15

