---
source: crates/parse/src/tests.rs
assertion_line: 296
expression: "(test[1], ast, ast_string)"
---
- "x[0]"
- Ok:
    nodes:
      - kind:
          Index:
            array:
              kind:
                Ident:
                  name: x
                  ty: ~
            idx:
              kind:
                Lit:
                  value:
                    UInt64: 0
                  ty: ~
            ty: ~
- "x[0]"

