---
source: crates/parse/src/tests.rs
assertion_line: 294
expression: "(test[1], ast, ast_string)"
---
- "let x: [int; 3] = [1, 2, 3]"
- Ok:
    nodes:
      - kind:
          Let:
            name: x
            antn:
              Array:
                - Int32
                - 3
            init:
              kind:
                Lit:
                  value:
                    Array:
                      elements:
                        - kind:
                            Lit:
                              value:
                                UInt64: 1
                              ty: ~
                        - kind:
                            Lit:
                              value:
                                UInt64: 2
                              ty: ~
                        - kind:
                            Lit:
                              value:
                                UInt64: 3
                              ty: ~
                      inner_ty: ~
                  ty: ~
- "(let x:array(int32, 3) [ 1 2 3])"

