---
source: crates/parse/src/tests.rs
assertion_line: 162
expression: "(test[1], ast, ast_string)"
---
- "fn a(b: int) -> not_a_type { b }"
- Ok:
    nodes:
      - kind:
          Fn:
            proto:
              name: "main::a"
              args:
                - - b
                  - Int32
              ret_ty:
                Comp: not_a_type
              is_extern: false
              module: main
            body:
              kind:
                Block:
                  list:
                    - kind:
                        Ident:
                          name: b
                          ty: ~
                  ty: ~
- "(define (main::a b:int32) '(b))"

