---
source: crates/parse/src/tests.rs
assertion_line: 165
expression: "(test[1], ast, ast_string)"
---
- "fn a() {}"
- Ok:
    nodes:
      - kind:
          Fn:
            proto:
              name: "main::a"
              args: []
              ret_ty: Void
              is_extern: false
              module: main
              member_of: ~
            body:
              kind:
                Block:
                  list: []
                  ty: ~
- "(define (main::a) '()))"

