---
source: crates/parse/src/tests.rs
assertion_line: 161
expression: "(test[1], ast, ast_string)"
---
- "\nfn a(b: int) {\n    b\n}\n"
- Ok:
    nodes:
      - kind:
          Fn:
            proto:
              name: a
              args:
                - - b
                  - Int32
              ret_ty: Void
              is_extern: false
              module: main
            body:
              kind:
                Block:
                  list:
                    - kind:
                        Ident:
                          name: b
                          ty: ~
                  ty: ~
- "(define (a b:int32) '(b))"

