---
source: crates/parse/src/tests.rs
assertion_line: 360
expression: "(test[1], ast, ast_string)"
---
- "struct Foo { fn foo() {} }"
- Ok:
    nodes:
      - kind:
          Struct:
            name: "main::Foo"
            fields: []
            methods:
              - kind:
                  Fn:
                    proto:
                      name: "_main::Foo_foo"
                      args: []
                      ret_ty: Void
                      is_extern: false
                      module: main
                    body:
                      kind:
                        Block:
                          list: []
                          ty: ~
- "(struct main::Foo '() '((define (_main::Foo_foo) '()))))"

