---
source: crates/parse/src/tests.rs
assertion_line: 391
expression: "(test[1], ast, ast_string)"
---
- "x.y(); x.y(a); x.y(a, b)"
- Ok:
    nodes:
      - kind:
          MSelector:
            comp:
              kind:
                Ident:
                  name: x
                  ty: ~
            name: y
            args: []
            ty: ~
      - kind:
          MSelector:
            comp:
              kind:
                Ident:
                  name: x
                  ty: ~
            name: y
            args:
              - kind:
                  Ident:
                    name: a
                    ty: ~
            ty: ~
      - kind:
          MSelector:
            comp:
              kind:
                Ident:
                  name: x
                  ty: ~
            name: y
            args:
              - kind:
                  Ident:
                    name: a
                    ty: ~
              - kind:
                  Ident:
                    name: b
                    ty: ~
            ty: ~
- (x.y)(x.y a)(x.y a b)

