---
source: src/codegen/mod.rs
assertion_line: 712
expression: ir
input_file: src/codegen/tests/inputs/for.input
---
- "define void @main() {\nentry:\n  br label %loop\n\nloop:                                             ; preds = %loop, %entry\n  %y1 = phi i64 [ %incvar, %loop ], [ 0, %entry ]\n  %call_putchar = call i64 @putchar(i64 46)\n  %tmpcmp = icmp ult i64 %y1, 3\n  %incvar = add i64 %y1, 1\n  br i1 %tmpcmp, label %loop, label %afterloop\n\nafterloop:                                        ; preds = %loop\n  %call_putchar4 = call i64 @putchar(i64 10)\n  ret void\n}\n"

